[{"mime":"application/vnd.oasis.opendocument.*","handlers":["startcenter.desktop"]},{"mime":"application/vnd.openxmlformats-officedocument.*","handlers":["startcenter.desktop"]},{"mime":"text/plain","handlers":["helix.desktop","nvim.desktop","kakoune.desktop"]},{"mime":"video/asdf","handlers":["mpv.desktop"]},{"mime":"video/mp4","handlers":["mpv.desktop"]},{"mime":"video/webm","handlers":["brave.desktop"]}]
