{"cmd":"hx ","handler":"tests/Helix.desktop","name":"Helix"}
