{"cmd":"wezterm start --cwd . -e hx","handler":"tests/Helix.desktop","name":"Helix"}
